
The following have been reloaded with a version change:
  1) zlib/1.2.12 => zlib/1.2.13

5 happiest persons are [('amyfou', 2.3929966114769488), ('GolfDigest', 1.843560606060606), ('Eagles', 1.498867102396514), ('stellarskylark', 1.3333333333333333), ('NFL_Memes', 1.093002113125952)]
5 saddest persons are [('morachbeag', -1.59439770255468), ('missladyartemis', -1.4301725954694224), ('byteseu', -0.949163166036468), ('BostonBibliophile', -0.8698412698412699), ('PhoenixSerenity', -0.8600882718775593)]
5 happiest hour are [('2025-02-10 02', 15.103229201168425), ('2025-02-10 01', 6.48178519268853), ('2025-02-09 02', 0.29550866749511756), ('2025-02-09 00', 0.10068342689773005), ('2025-02-09 22', 0.07518327520883748)]
5 saddest hour are [('2025-02-09 23', -1.785028232046234), ('2025-02-10 00', -0.4511336786283979), ('2025-02-08 23', -0.1557886557886558), ('2025-02-09 18', -0.1437908496732026), ('2025-02-09 19', -0.13482507142558955)]
4500
5 happiest persons are [('amyfou', 2.3929966114769488), ('GolfDigest', 1.843560606060606), ('Eagles', 1.498867102396514), ('stellarskylark', 1.3333333333333333), ('NFL_Memes', 1.093002113125952)]
5 saddest persons are [('morachbeag', -1.59439770255468), ('missladyartemis', -1.4301725954694224), ('byteseu', -0.949163166036468), ('BostonBibliophile', -0.8698412698412699), ('PhoenixSerenity', -0.8600882718775593)]
5 happiest hour are [('2025-02-10 02', 15.103229201168425), ('2025-02-10 01', 6.48178519268853), ('2025-02-09 02', 0.29550866749511756), ('2025-02-09 00', 0.10068342689773005), ('2025-02-09 22', 0.07518327520883748)]
5 saddest hour are [('2025-02-09 23', -1.785028232046234), ('2025-02-10 00', -0.4511336786283979), ('2025-02-08 23', -0.1557886557886558), ('2025-02-09 18', -0.1437908496732026), ('2025-02-09 19', -0.13482507142558955)]
4500
5 happiest persons are [('amyfou', 2.3929966114769488), ('GolfDigest', 1.843560606060606), ('Eagles', 1.498867102396514), ('stellarskylark', 1.3333333333333333), ('NFL_Memes', 1.093002113125952)]
5 saddest persons are [('morachbeag', -1.59439770255468), ('missladyartemis', -1.4301725954694224), ('byteseu', -0.949163166036468), ('BostonBibliophile', -0.8698412698412699), ('PhoenixSerenity', -0.8600882718775593)]
5 happiest hour are [('2025-02-10 02', 15.103229201168425), ('2025-02-10 01', 6.48178519268853), ('2025-02-09 02', 0.29550866749511756), ('2025-02-09 00', 0.10068342689773005), ('2025-02-09 22', 0.07518327520883748)]
5 saddest hour are [('2025-02-09 23', -1.785028232046234), ('2025-02-10 00', -0.4511336786283979), ('2025-02-08 23', -0.1557886557886558), ('2025-02-09 18', -0.1437908496732026), ('2025-02-09 19', -0.13482507142558955)]
4500
5 happiest persons are [('amyfou', 2.3929966114769488), ('GolfDigest', 1.843560606060606), ('Eagles', 1.498867102396514), ('stellarskylark', 1.3333333333333333), ('NFL_Memes', 1.093002113125952)]
5 saddest persons are [('morachbeag', -1.59439770255468), ('missladyartemis', -1.4301725954694224), ('byteseu', -0.949163166036468), ('BostonBibliophile', -0.8698412698412699), ('PhoenixSerenity', -0.8600882718775593)]
5 happiest hour are [('2025-02-10 02', 15.103229201168425), ('2025-02-10 01', 6.48178519268853), ('2025-02-09 02', 0.29550866749511756), ('2025-02-09 00', 0.10068342689773005), ('2025-02-09 22', 0.07518327520883748)]
5 saddest hour are [('2025-02-09 23', -1.785028232046234), ('2025-02-10 00', -0.4511336786283979), ('2025-02-08 23', -0.1557886557886558), ('2025-02-09 18', -0.1437908496732026), ('2025-02-09 19', -0.13482507142558955)]
4500
5 happiest persons are [('amyfou', 2.3929966114769488), ('GolfDigest', 1.843560606060606), ('Eagles', 1.498867102396514), ('stellarskylark', 1.3333333333333333), ('NFL_Memes', 1.093002113125952)]
5 saddest persons are [('morachbeag', -1.59439770255468), ('missladyartemis', -1.4301725954694224), ('byteseu', -0.949163166036468), ('BostonBibliophile', -0.8698412698412699), ('PhoenixSerenity', -0.8600882718775593)]
5 happiest hour are [('2025-02-10 02', 15.103229201168425), ('2025-02-10 01', 6.48178519268853), ('2025-02-09 02', 0.29550866749511756), ('2025-02-09 00', 0.10068342689773005), ('2025-02-09 22', 0.07518327520883748)]
5 saddest hour are [('2025-02-09 23', -1.785028232046234), ('2025-02-10 00', -0.4511336786283979), ('2025-02-08 23', -0.1557886557886558), ('2025-02-09 18', -0.1437908496732026), ('2025-02-09 19', -0.13482507142558955)]
4500
5 happiest persons are [('amyfou', 2.3929966114769488), ('GolfDigest', 1.843560606060606), ('Eagles', 1.498867102396514), ('stellarskylark', 1.3333333333333333), ('NFL_Memes', 1.093002113125952)]
5 saddest persons are [('morachbeag', -1.59439770255468), ('missladyartemis', -1.4301725954694224), ('byteseu', -0.949163166036468), ('BostonBibliophile', -0.8698412698412699), ('PhoenixSerenity', -0.8600882718775593)]
5 happiest hour are [('2025-02-10 02', 15.103229201168425), ('2025-02-10 01', 6.48178519268853), ('2025-02-09 02', 0.29550866749511756), ('2025-02-09 00', 0.10068342689773005), ('2025-02-09 22', 0.07518327520883748)]
5 saddest hour are [('2025-02-09 23', -1.785028232046234), ('2025-02-10 00', -0.4511336786283979), ('2025-02-08 23', -0.1557886557886558), ('2025-02-09 18', -0.1437908496732026), ('2025-02-09 19', -0.13482507142558955)]
4500
5 happiest persons are [('amyfou', 2.3929966114769488), ('GolfDigest', 1.843560606060606), ('Eagles', 1.498867102396514), ('stellarskylark', 1.3333333333333333), ('NFL_Memes', 1.093002113125952)]
5 saddest persons are [('morachbeag', -1.59439770255468), ('missladyartemis', -1.4301725954694224), ('byteseu', -0.949163166036468), ('BostonBibliophile', -0.8698412698412699), ('PhoenixSerenity', -0.8600882718775593)]
5 happiest hour are [('2025-02-10 02', 15.103229201168425), ('2025-02-10 01', 6.48178519268853), ('2025-02-09 02', 0.29550866749511756), ('2025-02-09 00', 0.10068342689773005), ('2025-02-09 22', 0.07518327520883748)]
5 saddest hour are [('2025-02-09 23', -1.785028232046234), ('2025-02-10 00', -0.4511336786283979), ('2025-02-08 23', -0.1557886557886558), ('2025-02-09 18', -0.1437908496732026), ('2025-02-09 19', -0.13482507142558955)]
4500
5 happiest persons are [('amyfou', 2.3929966114769488), ('GolfDigest', 1.843560606060606), ('Eagles', 1.498867102396514), ('stellarskylark', 1.3333333333333333), ('NFL_Memes', 1.093002113125952)]
5 saddest persons are [('morachbeag', -1.59439770255468), ('missladyartemis', -1.4301725954694224), ('byteseu', -0.949163166036468), ('BostonBibliophile', -0.8698412698412699), ('PhoenixSerenity', -0.8600882718775593)]
5 happiest hour are [('2025-02-10 02', 15.103229201168425), ('2025-02-10 01', 6.48178519268853), ('2025-02-09 02', 0.29550866749511756), ('2025-02-09 00', 0.10068342689773005), ('2025-02-09 22', 0.07518327520883748)]
5 saddest hour are [('2025-02-09 23', -1.785028232046234), ('2025-02-10 00', -0.4511336786283979), ('2025-02-08 23', -0.1557886557886558), ('2025-02-09 18', -0.1437908496732026), ('2025-02-09 19', -0.13482507142558955)]
4500
Job ID           : 7168625
Cluster          : spartan
User/Project     : ruipuc/comp90024
Nodes            : 2
Wall-clock time  : 00:00:31 / 00:10:00

Displaying overall resources usage from 2025-03-22 00:07:21 to 2025-03-22 00:07:52:

NODE            CPU#        TOT%   ( USR   / SYS   / WIO   / IDLE  ) 

spartan-bm135 : 
                CPU# 1    : 4.9    (   3.5 /   1.5 /   0.0 /  95.1 ) 
                CPU# 2    : 3.2    (   2.0 /   1.2 /   0.0 /  96.8 ) 
                CPU# 3    : 4.0    (   2.6 /   1.4 /   0.0 /  95.9 ) 
                CPU# 4    : 6.4    (   3.5 /   2.9 /   0.0 /  93.5 ) 

spartan-bm136 : 
                CPU# 5    : 0.6    (   0.2 /   0.4 /   0.0 /  99.4 ) 
                CPU# 6    : 1.3    (   0.4 /   0.9 /   0.0 /  98.7 ) 
                CPU# 7    : 1.2    (   0.3 /   0.8 /   0.0 /  98.8 ) 
                CPU# 8    : 1.2    (   0.4 /   0.8 /   0.1 /  98.7 ) 


Allocated CPUs            : 8    
  CPUs with usage <25%    : 8    
  CPUs with usage <50%    : 0    
  CPUs with usage >50%    : 0    

Memory used (RAM)         : 0.0%  [5MB of 33555MB]

--------------------------------------------

