
The following have been reloaded with a version change:
  1) zlib/1.2.12 => zlib/1.2.13

Helloworld! I am process 0 of 4.

Helloworld! I am process 1 of 4.

Helloworld! I am process 2 of 4.

Helloworld! I am process 3 of 4.

Job ID           : 7094714
Cluster          : spartan
User/Project     : ruipuc/comp90024
Nodes            : 1
Wall-clock time  : 00:00:30 / 00:10:00

Displaying overall resources usage from 2025-03-19 16:25:56 to 2025-03-19 16:26:26:

NODE            CPU#        TOT%   ( USR   / SYS   / WIO   / IDLE  ) 

spartan-bm017 : 
                CPU# 1    : 39.1   (  38.7 /   0.3 /   0.0 /  60.9 ) 
                CPU# 2    : 13.8   (  13.7 /   0.1 /   0.0 /  86.2 ) 
                CPU# 3    : 0.2    (   0.2 /   0.0 /   0.0 /  99.8 ) 
                CPU# 4    : 0.4    (   0.3 /   0.1 /   0.0 /  99.6 ) 


Allocated CPUs            : 4    
  CPUs with usage <25%    : 3    
  CPUs with usage <50%    : 1    
  CPUs with usage >50%    : 0    

Memory used (RAM)         : 0.1%  [9MB of 16778MB]

--------------------------------------------

