
The following have been reloaded with a version change:
  1) zlib/1.2.12 => zlib/1.2.13

Traceback (most recent call last):
  File "/home/ruipuc/Mastodon-Data-Analytics/test.py", line 8, in <module>
    with open("../mastodon-144Gb.ndjson", "r") as f:
         ^^^^^^^^^^^^^^^^^^^^^^^^^^^^^^^^^^^^^
FileNotFoundError: [Errno 2] No such file or directory: '../mastodon-144Gb.ndjson'
srun: error: spartan-bm027: task 0: Exited with exit code 1
Job ID           : 7168529
Cluster          : spartan
User/Project     : ruipuc/comp90024
Nodes            : 1
Wall-clock time  : 00:00:30 / 00:10:00

Displaying overall resources usage from 2025-03-21 23:57:26 to 2025-03-21 23:57:56:

NODE            CPU#        TOT%   ( USR   / SYS   / WIO   / IDLE  ) 

spartan-bm027 : 
                CPU# 1    : 15.6   (   6.2 /   9.4 /   0.0 /  84.5 ) 


Allocated CPUs            : 1    
  CPUs with usage <25%    : 1    
  CPUs with usage <50%    : 0    
  CPUs with usage >50%    : 0    

Memory used (RAM)         : 0.1%  [4MB of 4195MB]

--------------------------------------------

