
The following have been reloaded with a version change:
  1) zlib/1.2.12 => zlib/1.2.13

Rank 0 reading bytes from 0 to 1977381
555
Rank 4 reading bytes from 7909528 to 9886909
570
Rank 5 reading bytes from 9886910 to 11864291
555
Rank 6 reading bytes from 11864292 to 13841673
554
Rank 3 reading bytes from 5932146 to 7909527
576
Rank 7 reading bytes from 13841674 to 15819060
556
Rank 2 reading bytes from 3954764 to 5932145
559
Rank 1 reading bytes from 1977382 to 3954763
575
Job ID           : 7168377
Cluster          : spartan
User/Project     : ruipuc/comp90024
Nodes            : 1
Wall-clock time  : 00:00:30 / 00:10:00

Displaying overall resources usage from 2025-03-21 23:42:59 to 2025-03-21 23:43:29:

NODE            CPU#        TOT%   ( USR   / SYS   / WIO   / IDLE  ) 

spartan-bm157 : 
                CPU# 1    : 2.7    (   1.9 /   0.7 /   0.0 /  97.3 ) 
                CPU# 2    : 1.2    (   0.8 /   0.4 /   0.0 /  98.8 ) 
                CPU# 3    : 0.0    (   0.0 /   0.0 /   0.0 / 100.0 ) 
                CPU# 4    : 0.1    (   0.0 /   0.1 /   0.0 /  99.9 ) 
                CPU# 5    : 0.1    (   0.1 /   0.0 /   0.0 /  99.9 ) 
                CPU# 6    : 0.6    (   0.4 /   0.2 /   0.0 /  99.4 ) 
                CPU# 7    : 0.6    (   0.3 /   0.3 /   0.0 /  99.4 ) 
                CPU# 8    : 0.1    (   0.0 /   0.1 /   0.0 /  99.9 ) 


Allocated CPUs            : 8    
  CPUs with usage <25%    : 8    
  CPUs with usage <50%    : 0    
  CPUs with usage >50%    : 0    

Memory used (RAM)         : 0.0%  [5MB of 33555MB]

--------------------------------------------

